// Jest Snapshot v1, https://goo.gl/fbAQLP

exports[`E2E: User Module Test Generates token end to end without 2fa 1`] = `
"In order to use GitHub's API, you will need to login with your GitHub account.
? Enter your GitHub user [25D[25C[2K[G? Enter your GitHub user m[26D[26C[2K[G? Enter your GitHub user my[27D[27C[2K[G? Enter your GitHub user myu[28D[28C[2K[G? Enter your GitHub user myus[29D[29C[2K[G? Enter your GitHub user myuse[30D[30C[2K[G? Enter your GitHub user myuser[31D[31C[2K[G? Enter your GitHub user m[26D[26C[2K[G? Enter your GitHub user my[27D[27C[2K[G? Enter your GitHub user myp[28D[28C[2K[G? Enter your GitHub user mypa[29D[29C[2K[G? Enter your GitHub user mypas[30D[30C[2K[G? Enter your GitHub user mypass[31D[31C[2K[G? Enter your GitHub user myuser[31D[31C
? Enter your GitHub password [input is hidden] [47D[47C[2K[G? Enter your GitHub password [hidden][37D[37C
Writing GH config data: /Users/liferay/dev/_node-gh/gh/__tests__/auth.json
Authentication succeed. Token written to global config.
"
`;

exports[`E2E: User Module Test List Current User \`gh user\` 1`] = `
"You're logged in as protoEvangelion
"
`;

exports[`E2E: User Module Test Logout Current User \`gh user --logout\` 1`] = `
"Logging out of user protoEvangelion
"
`;

exports[`E2E: User Module Test Show just the current username \`gh user --whoami\` 1`] = `
"protoEvangelion
"
`;
